// Jest Snapshot v1, https://goo.gl/fbAQLP

exports[`Pruebas componente entry debe de hacer match con el snapshot 1`] = `
<div class="entry-container mb-3 pointer p-2">
  <!-- Título -->
  <div class="entry-title d-flex"><span class="text-success fs-5 fw-bold">7</span><span class="mx-1 fs-5">Julio</span><span class="mx-2 fw-light">2022, Jueves</span></div><!-- Descripción -->
  <div class="entry-description">Hoy estoy aprendiendo Vue.js con Fernando Herrera</div>
</div>
`;
