// Jest Snapshot v1, https://goo.gl/fbAQLP

exports[`Pruebas componente HomeView Debe de renderizarse correctamente el componente 1`] = `<div class="home justify-content-center"><img alt="Vue logo" src=""><button class="btn btn-primary">Ir a Journal</button></div>`;
